66.249.68.209 - - [31/Mar/2012:00:32:15 -0700] "GET /robots.txt HTTP/1.1" 200 391 "-" "Mozilla/5.0 (compatible; Googlebot/2.1; +http://www.google.com/bot.html)" 
66.249.68.209 - - [31/Mar/2012:00:32:15 -0700] "GET / HTTP/1.1" 200 1373 "-" "Mozilla/5.0 (compatible; Googlebot/2.1; +http://www.google.com/bot.html)" 
220.181.94.237 - - [31/Mar/2012:02:04:06 -0700] "GET /php/?C=M;O=A HTTP/1.1" 404 1011 "-" "Sogou web spider/4.0(+http://www.sogou.com/docs/help/webmasters.htm#07)" 
199.21.99.87 - - [31/Mar/2012:03:07:28 -0700] "GET /pear/?C=N;O=D HTTP/1.1" 404 1048 "-" "Mozilla/5.0 (compatible; YandexBot/3.0; +http://yandex.com/bots)" 
199.21.99.87 - - [31/Mar/2012:03:58:52 -0700] "GET /super-social/includes/briealeida-lastfm.php HTTP/1.1" 404 1048 "-" "Mozilla/5.0 (compatible; YandexBot/3.0; +http://yandex.com/bots)" 
65.52.108.199 - - [31/Mar/2012:04:03:20 -0700] "GET /robots.txt HTTP/1.1" 301 510 "-" "Mozilla/5.0 (compatible; bingbot/2.0; +http://www.bing.com/bingbot.htm)" 
65.52.108.199 - - [31/Mar/2012:04:03:21 -0700] "GET /robots.txt HTTP/1.1" 200 376 "-" "Mozilla/5.0 (compatible; bingbot/2.0; +http://www.bing.com/bingbot.htm)" 
65.52.108.199 - - [31/Mar/2012:04:04:30 -0700] "GET / HTTP/1.1" 301 474 "-" "Mozilla/5.0 (compatible; bingbot/2.0; +http://www.bing.com/bingbot.htm)" 
199.21.99.87 - - [31/Mar/2012:05:03:25 -0700] "GET /analog/willthesundie.com/?C=M;O=A HTTP/1.1" 200 601 "-" "Mozilla/5.0 (compatible; YandexBot/3.0; +http://yandex.com/bots)" 
199.21.99.87 - - [31/Mar/2012:06:01:29 -0700] "GET /me/?C=M;O=A HTTP/1.1" 404 1048 "-" "Mozilla/5.0 (compatible; YandexBot/3.0; +http://yandex.com/bots)" 
199.21.99.87 - - [31/Mar/2012:07:30:26 -0700] "GET /avogadro/?C=M;O=A HTTP/1.1" 404 1048 "-" "Mozilla/5.0 (compatible; YandexBot/3.0; +http://yandex.com/bots)" 
176.9.148.196 - - [31/Mar/2012:07:46:35 -0700] "GET / HTTP/1.1" 200 2612 "-" "Mozilla/5.0 (compatible; SISTRIX Crawler; http://crawler.sistrix.net/)" 
199.21.99.87 - - [31/Mar/2012:08:50:32 -0700] "GET /math/?C=N;O=D HTTP/1.1" 404 1048 "-" "Mozilla/5.0 (compatible; YandexBot/3.0; +http://yandex.com/bots)" 
199.21.99.87 - - [31/Mar/2012:09:20:21 -0700] "GET /apks/?C=M;O=A HTTP/1.1" 404 1048 "-" "Mozilla/5.0 (compatible; YandexBot/3.0; +http://yandex.com/bots)" 
66.249.68.209 - - [31/Mar/2012:09:21:25 -0700] "GET /social/ HTTP/1.1" 200 584 "-" "Mozilla/5.0 (compatible; Googlebot/2.1; +http://www.google.com/bot.html)" 
66.249.68.209 - - [31/Mar/2012:09:37:57 -0700] "GET /screenshots.php HTTP/1.1" 200 1096 "-" "Mozilla/5.0 (compatible; Googlebot/2.1; +http://www.google.com/bot.html)" 
66.249.68.209 - - [31/Mar/2012:09:42:32 -0700] "GET /analog/physicsbreakdown.com/ HTTP/1.1" 200 604 "-" "Mozilla/5.0 (compatible; Googlebot/2.1; +http://www.google.com/bot.html)" 
199.21.99.87 - - [31/Mar/2012:09:52:26 -0700] "GET /good-bad/?C=D;O=A HTTP/1.1" 404 1048 "-" "Mozilla/5.0 (compatible; YandexBot/3.0; +http://yandex.com/bots)" 
199.21.99.87 - - [31/Mar/2012:09:53:53 -0700] "GET /gallery/?C=N;O=D HTTP/1.1" 404 1048 "-" "Mozilla/5.0 (compatible; YandexBot/3.0; +http://yandex.com/bots)" 
199.21.99.87 - - [31/Mar/2012:10:06:39 -0700] "GET /xml/?C=N;O=D HTTP/1.1" 404 1048 "-" "Mozilla/5.0 (compatible; YandexBot/3.0; +http://yandex.com/bots)" 
199.21.99.87 - - [31/Mar/2012:10:42:59 -0700] "GET /robots.txt HTTP/1.1" 200 377 "-" "Mozilla/5.0 (compatible; YandexBot/3.0; +http://yandex.com/bots)" 
65.52.108.146 - - [31/Mar/2012:11:33:42 -0700] "GET /robots.txt HTTP/1.1" 200 377 "-" "Mozilla/5.0 (compatible; bingbot/2.0; +http://www.bing.com/bingbot.htm)" 
65.52.108.146 - - [31/Mar/2012:11:34:44 -0700] "GET /links HTTP/1.1" 404 1040 "-" "Mozilla/5.0 (compatible; bingbot/2.0; +http://www.bing.com/bingbot.htm)" 
199.21.99.87 - - [31/Mar/2012:11:49:46 -0700] "GET /computers/rss2html/?C=M;O=A HTTP/1.1" 404 1040 "-" "Mozilla/5.0 (compatible; YandexBot/3.0; +http://yandex.com/bots)" 
66.249.68.123 - - [31/Mar/2012:12:11:01 -0700] "GET /robots.txt HTTP/1.1" 301 492 "-" "Mozilla/5.0 (compatible; Googlebot/2.1; +http://www.google.com/bot.html)" 
66.249.68.209 - - [31/Mar/2012:12:11:01 -0700] "GET /robots.txt HTTP/1.1" 200 391 "-" "Mozilla/5.0 (compatible; Googlebot/2.1; +http://www.google.com/bot.html)" 
66.249.68.123 - - [31/Mar/2012:12:11:01 -0700] "GET / HTTP/1.1" 301 474 "-" "Mozilla/5.0 (compatible; Googlebot/2.1; +http://www.google.com/bot.html)" 
66.249.68.209 - - [31/Mar/2012:12:11:02 -0700] "GET / HTTP/1.1" 200 1365 "-" "Mozilla/5.0 (compatible; Googlebot/2.1; +http://www.google.com/bot.html)" 
199.21.99.87 - - [31/Mar/2012:12:13:38 -0700] "GET /kbs/?C=D;O=A HTTP/1.1" 404 1040 "-" "Mozilla/5.0 (compatible; YandexBot/3.0; +http://yandex.com/bots)" 
199.21.99.87 - - [31/Mar/2012:13:14:04 -0700] "GET /super-social/?C=S;O=A HTTP/1.1" 404 1040 "-" "Mozilla/5.0 (compatible; YandexBot/3.0; +http://yandex.com/bots)" 
66.249.68.209 - - [31/Mar/2012:13:19:10 -0700] "GET /analog/biggietheboston.com/host.png HTTP/1.1" 304 173 "-" "Googlebot-Image/1.0" 
199.21.99.87 - - [31/Mar/2012:13:51:56 -0700] "GET /dev/aleidax.com/ar-index.html HTTP/1.1" 404 1040 "-" "Mozilla/5.0 (compatible; YandexBot/3.0; +http://yandex.com/bots)" 
208.80.194.30 - - [31/Mar/2012:14:34:27 -0700] "GET /words/wordsmith.txt HTTP/1.0" 301 491 "-" "Mozilla/4.0 (compatible; MSIE 7.0; Windows NT 5.1; InfoPath.1; PeoplePal 3.0; .NET CLR 1.1.4322; MSN 9.0;MSN 9.1; MSNbMSNI; MSNmen-us; MSNcIA)" 
208.80.194.30 - - [31/Mar/2012:14:34:27 -0700] "GET /words/wordsmith.txt HTTP/1.0" 200 2716035 "-" "Mozilla/4.0 (compatible; MSIE 7.0; AOL 9.0; Windows NT 5.1; BCD2000; iebar)" 
199.21.99.87 - - [31/Mar/2012:14:50:50 -0700] "GET /it/?C=N;O=D HTTP/1.1" 404 1040 "-" "Mozilla/5.0 (compatible; YandexBot/3.0; +http://yandex.com/bots)" 
220.181.108.123 - - [31/Mar/2012:14:54:18 -0700] "GET /hack0.css HTTP/1.1" 200 3047 "-" "Mozilla/5.0 (compatible; Baiduspider/2.0; +http://www.baidu.com/search/spider.html)" 
199.21.99.87 - - [31/Mar/2012:15:06:45 -0700] "GET /math/?C=D;O=A HTTP/1.1" 404 1040 "-" "Mozilla/5.0 (compatible; YandexBot/3.0; +http://yandex.com/bots)" 
66.249.68.209 - - [31/Mar/2012:15:51:37 -0700] "GET /analog/freebsdologist.com/org.png HTTP/1.1" 304 173 "-" "Googlebot-Image/1.0" 
124.115.0.156 - - [31/Mar/2012:16:01:13 -0700] "GET / HTTP/1.1" 200 1393 "-" "Sosospider+(+http://help.soso.com/webspider.htm)" 
124.115.0.156 - - [31/Mar/2012:16:01:25 -0700] "GET /hack0.css HTTP/1.1" 200 3084 "http://aleidax.com/" "Sosospider+(+http://help.soso.com/webspider.htm)" 
199.21.99.87 - - [31/Mar/2012:16:46:22 -0700] "GET /fun-and-games/?C=D;O=A HTTP/1.1" 404 1067 "-" "Mozilla/5.0 (compatible; YandexBot/3.0; +http://yandex.com/bots)" 
199.21.99.87 - - [31/Mar/2012:17:09:49 -0700] "GET /tags/?C=D;O=A HTTP/1.1" 404 1067 "-" "Mozilla/5.0 (compatible; YandexBot/3.0; +http://yandex.com/bots)" 
50.19.79.38 - - [31/Mar/2012:17:29:43 -0700] "HEAD / HTTP/1.1" 200 139 "http://www.netcraft.com/survey/" "Mozilla/4.0 (compatible; Netcraft Web Server Survey)" 
199.21.99.87 - - [31/Mar/2012:17:38:36 -0700] "GET /car/?C=N;O=D HTTP/1.1" 404 1067 "-" "Mozilla/5.0 (compatible; YandexBot/3.0; +http://yandex.com/bots)" 
66.249.68.209 - - [31/Mar/2012:18:24:46 -0700] "GET /analog/qxhp.com/req.png HTTP/1.1" 304 173 "-" "Googlebot-Image/1.0" 
199.21.99.87 - - [31/Mar/2012:18:50:44 -0700] "GET /scrabble/?C=D;O=A HTTP/1.1" 200 615 "-" "Mozilla/5.0 (compatible; YandexBot/3.0; +http://yandex.com/bots)" 
199.21.99.87 - - [31/Mar/2012:18:50:47 -0700] "GET /fonts/?C=D;O=A HTTP/1.1" 200 619 "-" "Mozilla/5.0 (compatible; YandexBot/3.0; +http://yandex.com/bots)" 
66.249.68.209 - - [31/Mar/2012:19:03:00 -0700] "GET /analog/engagewithjessica.com/host.png HTTP/1.1" 304 174 "-" "Googlebot-Image/1.0" 
199.21.99.87 - - [31/Mar/2012:19:16:51 -0700] "GET /networking/?C=M;O=A HTTP/1.1" 404 1067 "-" "Mozilla/5.0 (compatible; YandexBot/3.0; +http://yandex.com/bots)" 
180.76.6.29 - - [31/Mar/2012:19:25:12 -0700] "GET / HTTP/1.1" 200 2655 "-" "Mozilla/5.0 (compatible; Baiduspider/2.0; +http://www.baidu.com/search/spider.html)" 
199.21.99.87 - - [31/Mar/2012:20:00:30 -0700] "GET /super-social/includes/twitter.php HTTP/1.1" 404 1067 "-" "Mozilla/5.0 (compatible; YandexBot/3.0; +http://yandex.com/bots)" 
65.52.108.199 - - [31/Mar/2012:20:46:47 -0700] "GET /robots.txt HTTP/1.1" 200 377 "-" "Mozilla/5.0 (compatible; bingbot/2.0; +http://www.bing.com/bingbot.htm)" 
65.52.108.199 - - [31/Mar/2012:20:47:38 -0700] "GET / HTTP/1.1" 200 1393 "-" "Mozilla/5.0 (compatible; bingbot/2.0; +http://www.bing.com/bingbot.htm)" 
199.21.99.87 - - [31/Mar/2012:21:26:40 -0700] "GET /ui-design/?C=N;O=D HTTP/1.1" 404 1067 "-" "Mozilla/5.0 (compatible; YandexBot/3.0; +http://yandex.com/bots)" 
199.21.99.87 - - [31/Mar/2012:21:26:43 -0700] "GET /super-social/includes/lastfm.php HTTP/1.1" 404 1067 "-" "Mozilla/5.0 (compatible; YandexBot/3.0; +http://yandex.com/bots)" 
199.21.99.87 - - [31/Mar/2012:21:27:49 -0700] "GET /icon/?C=S;O=A HTTP/1.1" 404 1067 "-" "Mozilla/5.0 (compatible; YandexBot/3.0; +http://yandex.com/bots)" 
66.249.68.209 - - [31/Mar/2012:21:57:05 -0700] "GET /robots.txt HTTP/1.1" 200 391 "-" "Mozilla/5.0 (compatible; Googlebot/2.1; +http://www.google.com/bot.html)" 
66.249.68.209 - - [31/Mar/2012:21:57:05 -0700] "GET / HTTP/1.1" 200 1393 "-" "Mozilla/5.0 (compatible; Googlebot/2.1; +http://www.google.com/bot.html)" 
199.21.99.87 - - [31/Mar/2012:21:58:57 -0700] "GET /corolla/?C=D;O=A HTTP/1.1" 404 1067 "-" "Mozilla/5.0 (compatible; YandexBot/3.0; +http://yandex.com/bots)" 
199.21.99.87 - - [31/Mar/2012:22:23:11 -0700] "GET /analog/?C=D;O=D HTTP/1.1" 200 994 "-" "Mozilla/5.0 (compatible; YandexBot/3.0; +http://yandex.com/bots)" 
199.21.99.87 - - [31/Mar/2012:22:30:43 -0700] "GET /droid/?C=N;O=D HTTP/1.1" 404 1067 "-" "Mozilla/5.0 (compatible; YandexBot/3.0; +http://yandex.com/bots)" 
199.21.99.87 - - [31/Mar/2012:22:50:46 -0700] "GET /corolla/?C=S;O=A HTTP/1.1" 404 1067 "-" "Mozilla/5.0 (compatible; YandexBot/3.0; +http://yandex.com/bots)" 
176.195.247.13 - - [31/Mar/2012:22:55:42 -0700] "GET /words/wordsmith.txt HTTP/1.0" 200 2382040 "http://yandex.ru/yandsearch?text=forum+overcanopy" "Mozilla/4.0 (compatible; MSIE 7.0; Windows NT 5.1; InfoPath.2)" 
123.125.71.25 - - [31/Mar/2012:22:59:28 -0700] "GET /robots.txt HTTP/1.1" 200 354 "-" "Mozilla/5.0 (compatible; Baiduspider/2.0; +http://www.baidu.com/search/spider.html)" 
95.27.59.53 - - [31/Mar/2012:23:09:03 -0700] "GET /words/wordsmith.txt HTTP/1.1" 200 686714 "http://yandex.ru/yandsearch?text=forum+overcanopy&lr=213" "Opera/9.80 (Windows NT 5.1; U; ru) Presto/2.6.30 Version/10.63" 
66.249.68.123 - - [31/Mar/2012:23:33:12 -0700] "GET /robots.txt HTTP/1.1" 301 492 "-" "Mozilla/5.0 (compatible; Googlebot/2.1; +http://www.google.com/bot.html)" 
66.249.68.209 - - [31/Mar/2012:23:33:12 -0700] "GET /robots.txt HTTP/1.1" 200 391 "-" "Mozilla/5.0 (compatible; Googlebot/2.1; +http://www.google.com/bot.html)" 
66.249.68.123 - - [31/Mar/2012:23:33:12 -0700] "GET /analog/brieg.pairsite.com/ HTTP/1.1" 301 521 "-" "Mozilla/5.0 (compatible; Googlebot/2.1; +http://www.google.com/bot.html)" 
66.249.68.209 - - [31/Mar/2012:23:33:13 -0700] "GET /analog/brieg.pairsite.com/ HTTP/1.1" 200 506 "-" "Mozilla/5.0 (compatible; Googlebot/2.1; +http://www.google.com/bot.html)" 
199.21.99.87 - - [31/Mar/2012:23:58:01 -0700] "GET /archives/?C=M;O=A HTTP/1.1" 404 1067 "-" "Mozilla/5.0 (compatible; YandexBot/3.0; +http://yandex.com/bots)" 
