184.82.93.89 - - [16/Mar/2012:00:20:32 -0700] "GET /words/wordsmith.txt HTTP/1.1" 200 686751 "-" "Mozilla/4.0 (compatible; MSIE 7.0; Windows NT 6.1; Trident/4.0; SLCC2; .NET CLR 2.0.50727; .NET CLR 3.5.30729; .NET CLR 3.0.30729; Media Center PC 6.0; .NET4.0C; .NET4.0E)" 
184.82.93.89 - - [16/Mar/2012:00:24:27 -0700] "GET /words/wordsmith.txt HTTP/1.1" 304 199 "-" "Mozilla/4.0 (compatible; MSIE 7.0; Windows NT 6.1; Trident/4.0; SLCC2; .NET CLR 2.0.50727; .NET CLR 3.5.30729; .NET CLR 3.0.30729; Media Center PC 6.0; .NET4.0C; .NET4.0E)" 
184.82.93.89 - - [16/Mar/2012:00:28:25 -0700] "GET /words/wordsmith.txt HTTP/1.1" 304 199 "-" "Mozilla/4.0 (compatible; MSIE 7.0; Windows NT 6.1; Trident/4.0; SLCC2; .NET CLR 2.0.50727; .NET CLR 3.5.30729; .NET CLR 3.0.30729; Media Center PC 6.0; .NET4.0C; .NET4.0E)" 
199.21.99.87 - - [16/Mar/2012:03:21:02 -0700] "GET /robots.txt HTTP/1.1" 200 377 "-" "Mozilla/5.0 (compatible; YandexBot/3.0; +http://yandex.com/bots)" 
66.230.192.172 - - [16/Mar/2012:04:14:03 -0700] "GET ///includes/xml/bitfield_vbseo.xml HTTP/1.1" 404 1048 "-" "Mozilla/4.0 (compatible; MSIE 6.0; Windows 98)" 
66.230.192.172 - - [16/Mar/2012:04:14:04 -0700] "GET //forum//includes/xml/bitfield_vbseo.xml HTTP/1.1" 404 1048 "-" "Mozilla/4.0 (compatible; MSIE 6.0; Windows 98)" 
66.230.192.172 - - [16/Mar/2012:04:14:05 -0700] "GET //forums//includes/xml/bitfield_vbseo.xml HTTP/1.1" 404 1048 "-" "Mozilla/4.0 (compatible; MSIE 6.0; Windows 98)" 
66.230.192.172 - - [16/Mar/2012:04:14:06 -0700] "GET //vb//includes/xml/bitfield_vbseo.xml HTTP/1.1" 404 1048 "-" "Mozilla/4.0 (compatible; MSIE 6.0; Windows 98)" 
66.230.192.172 - - [16/Mar/2012:04:14:07 -0700] "GET //vBulletin//includes/xml/bitfield_vbseo.xml HTTP/1.1" 404 1048 "-" "Mozilla/4.0 (compatible; MSIE 6.0; Windows 98)" 
66.230.192.172 - - [16/Mar/2012:04:14:09 -0700] "GET //vbulletin//includes/xml/bitfield_vbseo.xml HTTP/1.1" 404 1048 "-" "Mozilla/4.0 (compatible; MSIE 6.0; Windows 98)" 
124.115.0.21 - - [16/Mar/2012:04:25:50 -0700] "GET / HTTP/1.1" 200 1407 "-" "Sosospider+(+http://help.soso.com/webspider.htm)" 
124.115.0.21 - - [16/Mar/2012:04:26:04 -0700] "GET /hack0.css HTTP/1.1" 200 3084 "http://aleidax.com/" "Sosospider+(+http://help.soso.com/webspider.htm)" 
93.80.194.31 - - [16/Mar/2012:05:15:07 -0700] "GET /words/wordsmith.txt HTTP/1.0" 200 2336884 "http://yandex.ru/yandsearch?text=wild+west+mercantile+/viscacha/" "Mozilla/4.0 (compatible; MSIE 6.0; Windows NT 5.1; SV1; InfoPath.1; .NET CLR 2.0.50727)" 
193.242.108.63 - - [16/Mar/2012:05:16:21 -0700] "GET //FCKeditor/editor//plugins/ajaxfilemanager/jscripts/edit_area/edit_area.css HTTP/1.1" 404 1048 "-" "Mozilla/4.0 (compatible; MSIE 6.0; Windows 98)" 
193.242.108.63 - - [16/Mar/2012:05:16:23 -0700] "GET //admin/fckeditor/editor//plugins/ajaxfilemanager/jscripts/edit_area/edit_area.css HTTP/1.1" 404 1048 "-" "Mozilla/4.0 (compatible; MSIE 6.0; Windows 98)" 
193.242.108.63 - - [16/Mar/2012:05:16:24 -0700] "GET //admin/tiny_mce//plugins/ajaxfilemanager/jscripts/edit_area/edit_area.css HTTP/1.1" 404 1048 "-" "Mozilla/4.0 (compatible; MSIE 6.0; Windows 98)" 
193.242.108.63 - - [16/Mar/2012:05:16:26 -0700] "GET //ajaxfilemanager/jscripts/tiny_mce//plugins/ajaxfilemanager/jscripts/edit_area/edit_area.css HTTP/1.1" 404 1048 "-" "Mozilla/4.0 (compatible; MSIE 6.0; Windows 98)" 
193.242.108.63 - - [16/Mar/2012:05:16:27 -0700] "GET //faq/admin/editor//plugins/ajaxfilemanager/jscripts/edit_area/edit_area.css HTTP/1.1" 404 1048 "-" "Mozilla/4.0 (compatible; MSIE 6.0; Windows 98)" 
193.242.108.63 - - [16/Mar/2012:05:16:28 -0700] "GET //fckeditor/editor//plugins/ajaxfilemanager/jscripts/edit_area/edit_area.css HTTP/1.1" 404 1048 "-" "Mozilla/4.0 (compatible; MSIE 6.0; Windows 98)" 
193.242.108.63 - - [16/Mar/2012:05:16:30 -0700] "GET //gallery/zp-core/zp-extensions/tiny_mce//plugins/ajaxfilemanager/jscripts/edit_area/edit_area.css HTTP/1.1" 404 1048 "-" "Mozilla/4.0 (compatible; MSIE 6.0; Windows 98)" 
193.242.108.63 - - [16/Mar/2012:05:16:31 -0700] "GET //includes/fckeditor/editor//plugins/ajaxfilemanager/jscripts/edit_area/edit_area.css HTTP/1.1" 404 1048 "-" "Mozilla/4.0 (compatible; MSIE 6.0; Windows 98)" 
193.242.108.63 - - [16/Mar/2012:05:16:33 -0700] "GET //includes/tinymce//plugins/ajaxfilemanager/jscripts/edit_area/edit_area.css HTTP/1.1" 404 1048 "-" "Mozilla/4.0 (compatible; MSIE 6.0; Windows 98)" 
193.242.108.63 - - [16/Mar/2012:05:16:34 -0700] "GET //javascript/tinymce/jscripts/tiny_mce//plugins/ajaxfilemanager/jscripts/edit_area/edit_area.css HTTP/1.1" 404 1048 "-" "Mozilla/4.0 (compatible; MSIE 6.0; Windows 98)" 
193.242.108.63 - - [16/Mar/2012:05:16:35 -0700] "GET //js/jscripts/tiny_mce//plugins/ajaxfilemanager/jscripts/edit_area/edit_area.css HTTP/1.1" 404 1048 "-" "Mozilla/4.0 (compatible; MSIE 6.0; Windows 98)" 
193.242.108.63 - - [16/Mar/2012:05:16:37 -0700] "GET //js/tiny_mce//plugins/ajaxfilemanager/jscripts/edit_area/edit_area.css HTTP/1.1" 404 1048 "-" "Mozilla/4.0 (compatible; MSIE 6.0; Windows 98)" 
193.242.108.63 - - [16/Mar/2012:05:16:38 -0700] "GET //jscripts/tiny_mce//plugins/ajaxfilemanager/jscripts/edit_area/edit_area.css HTTP/1.1" 404 1048 "-" "Mozilla/4.0 (compatible; MSIE 6.0; Windows 98)" 
193.242.108.63 - - [16/Mar/2012:05:16:39 -0700] "GET //main/inc/lib/fckeditor/editor//plugins/ajaxfilemanager/jscripts/edit_area/edit_area.css HTTP/1.1" 404 1048 "-" "Mozilla/4.0 (compatible; MSIE 6.0; Windows 98)" 
193.242.108.63 - - [16/Mar/2012:05:16:41 -0700] "GET //photo/zp-core/zp-extensions/tiny_mce//plugins/ajaxfilemanager/jscripts/edit_area/edit_area.css HTTP/1.1" 404 1048 "-" "Mozilla/4.0 (compatible; MSIE 6.0; Windows 98)" 
193.242.108.63 - - [16/Mar/2012:05:16:42 -0700] "GET //scripts/tiny_mce//plugins/ajaxfilemanager/jscripts/edit_area/edit_area.css HTTP/1.1" 404 1048 "-" "Mozilla/4.0 (compatible; MSIE 6.0; Windows 98)" 
193.242.108.63 - - [16/Mar/2012:05:16:43 -0700] "GET //shop/admin/includes/javascript/tiny_mce//plugins/ajaxfilemanager/jscripts/edit_area/edit_area.css HTTP/1.1" 404 1048 "-" "Mozilla/4.0 (compatible; MSIE 6.0; Windows 98)" 
193.242.108.63 - - [16/Mar/2012:05:16:45 -0700] "GET //tiny_mce//plugins/ajaxfilemanager/jscripts/edit_area/edit_area.css HTTP/1.1" 404 1048 "-" "Mozilla/4.0 (compatible; MSIE 6.0; Windows 98)" 
193.242.108.63 - - [16/Mar/2012:05:16:46 -0700] "GET //zen/zp-core/zp-extensions/tiny_mce//plugins/ajaxfilemanager/jscripts/edit_area/edit_area.css HTTP/1.1" 404 1048 "-" "Mozilla/4.0 (compatible; MSIE 6.0; Windows 98)" 
193.242.108.63 - - [16/Mar/2012:05:16:50 -0700] "GET //zenphoto/zp-core/zp-extensions/tiny_mce//plugins/ajaxfilemanager/jscripts/edit_area/edit_area.css HTTP/1.1" 404 1048 "-" "Mozilla/4.0 (compatible; MSIE 6.0; Windows 98)" 
213.186.127.2 - - [16/Mar/2012:05:29:43 -0700] "GET /robots.txt HTTP/1.1" 200 335 "-" "Mozilla/5.0 (compatible; AhrefsBot/2.0; +http://ahrefs.com/robot/)" 
199.21.99.87 - - [16/Mar/2012:07:40:33 -0700] "GET /computers/?C=N;O=D HTTP/1.1" 404 1085 "-" "Mozilla/5.0 (compatible; YandexBot/3.0; +http://yandex.com/bots)" 
124.115.6.15 - - [16/Mar/2012:07:42:49 -0700] "GET /robots.txt HTTP/1.1" 200 391 "-" "Sosospider+(+http://help.soso.com/webspider.htm)" 
66.249.67.172 - - [16/Mar/2012:09:26:18 -0700] "GET /robots.txt HTTP/1.1" 200 391 "-" "Mozilla/5.0 (compatible; Googlebot/2.1; +http://www.google.com/bot.html)" 
66.249.67.172 - - [16/Mar/2012:09:26:18 -0700] "GET / HTTP/1.1" 200 1406 "-" "Mozilla/5.0 (compatible; Googlebot/2.1; +http://www.google.com/bot.html)" 
199.21.99.87 - - [16/Mar/2012:09:54:44 -0700] "GET /last-stats/?C=M;O=A HTTP/1.1" 404 1085 "-" "Mozilla/5.0 (compatible; YandexBot/3.0; +http://yandex.com/bots)" 
199.21.99.87 - - [16/Mar/2012:10:31:50 -0700] "GET /computers/?C=D;O=A HTTP/1.1" 404 1085 "-" "Mozilla/5.0 (compatible; YandexBot/3.0; +http://yandex.com/bots)" 
199.21.99.87 - - [16/Mar/2012:10:31:56 -0700] "GET /pair-kb/?C=N;O=D HTTP/1.1" 404 1085 "-" "Mozilla/5.0 (compatible; YandexBot/3.0; +http://yandex.com/bots)" 
123.125.71.103 - - [16/Mar/2012:10:54:48 -0700] "GET /robots.txt HTTP/1.1" 301 455 "-" "Mozilla/5.0 (compatible; Baiduspider/2.0; +http://www.baidu.com/search/spider.html)" 
123.125.71.105 - - [16/Mar/2012:10:54:49 -0700] "GET /robots.txt HTTP/1.1" 200 354 "-" "Mozilla/5.0 (compatible; Baiduspider/2.0; +http://www.baidu.com/search/spider.html)" 
124.115.0.24 - - [16/Mar/2012:13:40:22 -0700] "GET / HTTP/1.1" 200 1407 "-" "Sosospider+(+http://help.soso.com/webspider.htm)" 
199.21.99.87 - - [16/Mar/2012:14:20:41 -0700] "GET /sauron/?C=S;O=A HTTP/1.1" 404 1085 "-" "Mozilla/5.0 (compatible; YandexBot/3.0; +http://yandex.com/bots)" 
180.76.5.180 - - [16/Mar/2012:15:25:08 -0700] "GET / HTTP/1.1" 200 2673 "-" "Mozilla/5.0 (compatible; Baiduspider/2.0; +http://www.baidu.com/search/spider.html)" 
199.21.99.87 - - [16/Mar/2012:15:51:57 -0700] "GET /baseline/?C=D;O=A HTTP/1.1" 404 1085 "-" "Mozilla/5.0 (compatible; YandexBot/3.0; +http://yandex.com/bots)" 
66.249.67.172 - - [16/Mar/2012:16:01:47 -0700] "GET /?status=@ksclarke&in_reply_to_status_id=5051630886060032&in_reply_to=ksclarke HTTP/1.1" 200 1407 "-" "Mozilla/5.0 (compatible; Googlebot/2.1; +http://www.google.com/bot.html)" 
176.14.188.147 - - [16/Mar/2012:16:11:05 -0700] "GET /words/wordsmith.txt HTTP/1.1" 200 686714 "http://yandex.ru/yandsearch?text=/thread-+apodeictic&lr=213" "Mozilla/4.0 (compatible; MSIE 8.0; Windows NT 5.1; Trident/4.0; .NET CLR 1.1.4322; .NET CLR 2.0.50727; .NET CLR 3.0.4506.2152; .NET CLR 3.5.30729; InfoPath.1)" 
208.80.194.37 - - [16/Mar/2012:16:15:56 -0700] "GET /words/wordsmith.txt HTTP/1.0" 301 491 "-" "Mozilla/4.0 (compatible; MSIE 6.0; Windows NT 5.1; SV1; Wanadoo Cable 2.0c)" 
208.80.194.37 - - [16/Mar/2012:16:15:58 -0700] "GET /words/wordsmith.txt HTTP/1.0" 200 2716035 "-" "Mozilla/4.0 (compatible; MSIE 7.0; Windows NT 5.1; Avant Browser; Avant Browser; .NET CLR 1.0.3705; .NET CLR 1.1.4322; Media Center PC 4.0)" 
199.21.99.87 - - [16/Mar/2012:17:22:52 -0700] "GET /analog/?C=M;O=A HTTP/1.1" 200 988 "-" "Mozilla/5.0 (compatible; YandexBot/3.0; +http://yandex.com/bots)" 
199.21.99.87 - - [16/Mar/2012:18:44:06 -0700] "GET /system/?C=D;O=A HTTP/1.1" 404 1085 "-" "Mozilla/5.0 (compatible; YandexBot/3.0; +http://yandex.com/bots)" 
199.21.99.87 - - [16/Mar/2012:18:58:32 -0700] "GET /rss2html/?C=S;O=A HTTP/1.1" 404 1085 "-" "Mozilla/5.0 (compatible; YandexBot/3.0; +http://yandex.com/bots)" 
199.21.99.87 - - [16/Mar/2012:18:58:44 -0700] "GET /coded-set/?C=D;O=A HTTP/1.1" 404 1085 "-" "Mozilla/5.0 (compatible; YandexBot/3.0; +http://yandex.com/bots)" 
199.21.99.87 - - [16/Mar/2012:18:59:07 -0700] "GET /fun/?C=N;O=D HTTP/1.1" 404 1085 "-" "Mozilla/5.0 (compatible; YandexBot/3.0; +http://yandex.com/bots)" 
199.21.99.87 - - [16/Mar/2012:18:59:32 -0700] "GET /pair-kb/?C=M;O=A HTTP/1.1" 404 1085 "-" "Mozilla/5.0 (compatible; YandexBot/3.0; +http://yandex.com/bots)" 
199.21.99.87 - - [16/Mar/2012:19:00:38 -0700] "GET /networking/?C=S;O=A HTTP/1.1" 404 1085 "-" "Mozilla/5.0 (compatible; YandexBot/3.0; +http://yandex.com/bots)" 
199.21.99.87 - - [16/Mar/2012:19:23:17 -0700] "GET /ui-design/?C=M;O=A HTTP/1.1" 404 1085 "-" "Mozilla/5.0 (compatible; YandexBot/3.0; +http://yandex.com/bots)" 
199.21.99.87 - - [16/Mar/2012:19:36:19 -0700] "GET /words/?C=N;O=D HTTP/1.1" 200 605 "-" "Mozilla/5.0 (compatible; YandexBot/3.0; +http://yandex.com/bots)" 
66.249.67.172 - - [16/Mar/2012:19:37:13 -0700] "GET /screenshots.php HTTP/1.1" 200 1133 "-" "Mozilla/5.0 (compatible; Googlebot/2.1; +http://www.google.com/bot.html)" 
199.21.99.87 - - [16/Mar/2012:19:58:30 -0700] "GET /php/?C=N;O=D HTTP/1.1" 404 1085 "-" "Mozilla/5.0 (compatible; YandexBot/3.0; +http://yandex.com/bots)" 
199.21.99.87 - - [16/Mar/2012:19:58:34 -0700] "GET /projects/ HTTP/1.1" 200 1069 "-" "Mozilla/5.0 (compatible; YandexBot/3.0; +http://yandex.com/bots)" 
176.14.188.147 - - [16/Mar/2012:20:08:25 -0700] "GET /words/wordsmith.txt HTTP/1.0" 200 2301272 "http://yandex.ru/yandsearch?text=beretta+family+skio&lr=213" "Mozilla/4.0 (compatible; MSIE 6.0; Windows NT 5.1; SV1)" 
176.14.188.147 - - [16/Mar/2012:20:10:53 -0700] "GET /words/wordsmith.txt HTTP/1.1" 200 686714 "http://yandex.ru/yandsearch?text=hippeastrum+sonatine+jade+serpent&lr=213" "Mozilla/4.0 (compatible; MSIE 8.0; Windows NT 6.1; Trident/4.0; GTB6.5; SLCC2; .NET CLR 2.0.50727; .NET CLR 3.5.30729; .NET CLR 3.0.30729; Media Center PC 6.0)" 
199.21.99.87 - - [16/Mar/2012:20:14:25 -0700] "GET /errors/ HTTP/1.1" 200 1025 "-" "Mozilla/5.0 (compatible; YandexBot/3.0; +http://yandex.com/bots)" 
199.21.99.87 - - [16/Mar/2012:20:26:45 -0700] "GET /quotes/ HTTP/1.1" 200 1298 "-" "Mozilla/5.0 (compatible; YandexBot/3.0; +http://yandex.com/bots)" 
220.181.108.96 - - [16/Mar/2012:20:49:51 -0700] "GET / HTTP/1.1" 200 1370 "-" "Mozilla/5.0 (compatible; Baiduspider/2.0; +http://www.baidu.com/search/spider.html)" 
66.249.68.123 - - [16/Mar/2012:20:52:59 -0700] "GET /robots.txt HTTP/1.1" 301 492 "-" "Mozilla/5.0 (compatible; Googlebot/2.1; +http://www.google.com/bot.html)" 
66.249.67.172 - - [16/Mar/2012:20:53:00 -0700] "GET /robots.txt HTTP/1.1" 200 391 "-" "Mozilla/5.0 (compatible; Googlebot/2.1; +http://www.google.com/bot.html)" 
66.249.68.123 - - [16/Mar/2012:20:53:00 -0700] "GET / HTTP/1.1" 301 474 "-" "Mozilla/5.0 (compatible; Googlebot/2.1; +http://www.google.com/bot.html)" 
199.21.99.87 - - [16/Mar/2012:21:28:39 -0700] "GET /social/ HTTP/1.1" 200 584 "-" "Mozilla/5.0 (compatible; YandexBot/3.0; +http://yandex.com/bots)" 
176.14.188.147 - - [16/Mar/2012:21:37:43 -0700] "GET /words/wordsmith.txt HTTP/1.0" 200 2044620 "http://yandex.ru/yandsearch?text=/thread-+apodeictic" "Mozilla/4.0 (compatible; MSIE 7.0; Windows NT 5.1; .NET CLR 1.1.4322; .NET CLR 2.0.50727; .NET CLR 3.0.04506.30; .NET CLR 3.0.4506.2152; .NET CLR 3.5.30729)" 
176.14.188.147 - - [16/Mar/2012:22:27:13 -0700] "GET /words/wordsmith.txt HTTP/1.1" 200 686714 "http://yandex.ru/yandsearch?text=/thread-+apodeictic&lr=213" "Mozilla/4.0 (compatible; MSIE 7.0; Windows NT 5.1; .NET CLR 2.0.50727; .NET CLR 3.0.4506.2152; .NET CLR 3.5.30729)" 
124.115.0.165 - - [17/Mar/2012:00:06:42 -0700] "GET / HTTP/1.1" 200 1421 "-" "Sosospider+(+http://help.soso.com/webspider.htm)" 
