199.21.99.87 - - [11/Apr/2012:00:46:49 -0700] "GET /robots.txt HTTP/1.1" 200 377 "-" "Mozilla/5.0 (compatible; YandexBot/3.0; +http://yandex.com/bots)" 
176.14.71.172 - - [11/Apr/2012:02:15:40 -0700] "GET /words/wordsmith.txt HTTP/1.0" 200 301040 "http://yandex.ru/yandsearch?text=tusker+link:/viscacha/" "Mozilla/4.0 (compatible; MSIE 6.0; Windows NT 5.1; SV1)" 
193.105.210.116 - - [11/Apr/2012:02:23:30 -0700] "GET /words/owl2-lwl.txt HTTP/1.0" 200 748980 "http://aleidax.com/words/owl2-lwl.txt" "Mozilla/4.0 (compatible; MSIE 6.0; MSIE 5.5; Windows NT 4.0) Opera 7.0 [en]" 
124.115.0.106 - - [11/Apr/2012:04:05:56 -0700] "GET / HTTP/1.1" 200 1350 "-" "Sosospider+(+http://help.soso.com/webspider.htm)" 
66.249.73.19 - - [11/Apr/2012:05:09:33 -0700] "GET /robots.txt HTTP/1.1" 200 391 "-" "Mozilla/5.0 (compatible; Googlebot/2.1; +http://www.google.com/bot.html)" 
66.249.73.19 - - [11/Apr/2012:05:09:33 -0700] "GET /?status=@ksclarke&in_reply_to_status_id=5051630886060032&in_reply_to=ksclarke HTTP/1.1" 200 1355 "-" "Mozilla/5.0 (compatible; Googlebot/2.1; +http://www.google.com/bot.html)" 
66.249.73.207 - - [11/Apr/2012:05:21:30 -0700] "GET /robots.txt HTTP/1.1" 301 492 "-" "Mozilla/5.0 (compatible; Googlebot/2.1; +http://www.google.com/bot.html)" 
66.249.73.207 - - [11/Apr/2012:05:21:30 -0700] "GET / HTTP/1.1" 301 474 "-" "Mozilla/5.0 (compatible; Googlebot/2.1; +http://www.google.com/bot.html)" 
66.249.73.19 - - [11/Apr/2012:05:21:31 -0700] "GET / HTTP/1.1" 200 1358 "-" "Mozilla/5.0 (compatible; Googlebot/2.1; +http://www.google.com/bot.html)" 
176.14.71.172 - - [11/Apr/2012:09:21:27 -0700] "GET /words/wordsmith.txt HTTP/1.1" 200 686714 "http://yandex.ru/yandsearch?text=viking+link:/viscacha/&lr=213" "Mozilla/5.0 (Windows; U; Windows NT 5.1; ru; rv:1.9.2.12) Gecko/20101026 Firefox/3.6.12 (.NET CLR 3.5.30729) YB/5.1.3" 
88.126.58.14 - - [11/Apr/2012:09:51:47 -0700] "GET /words/owl-lwl.txt HTTP/1.1" 200 1433901 "http://www.google.com/url?sa=t&rct=j&q=petites%20filles%20sexy%20nvices&source=web&cd=26&ved=0CDkQFjAFOBQ&url=http%3A%2F%2Faleidax.com%2Fwords%2Fowl-lwl.txt&ei=iLaFT_n0Guah0QWOxqHMBw&usg=AFQjCNEjSNYe_b36-om_WqA0rLS0DF1Y3A" "Mozilla/5.0 (X11; Ubuntu; Linux i686; rv:11.0) Gecko/20100101 Firefox/11.0" 
88.126.58.14 - - [11/Apr/2012:09:51:56 -0700] "GET /favicon.ico HTTP/1.1" 200 276 "-" "Mozilla/5.0 (X11; Ubuntu; Linux i686; rv:11.0) Gecko/20100101 Firefox/11.0" 
176.14.71.172 - - [11/Apr/2012:09:51:17 -0700] "GET /words/wordsmith.txt HTTP/1.0" 200 2149880 "http://yandex.ru/yandsearch?text=viking+link:/viscacha/" "Mozilla/4.0 (compatible; MSIE 7.0; Windows NT 5.1; Trident/4.0; .NET CLR 2.0.50727; .NET CLR 3.0.4506.2152; .NET CLR 3.5.30729)" 
199.21.99.87 - - [11/Apr/2012:10:26:22 -0700] "GET /travel.php HTTP/1.1" 200 2179 "-" "Mozilla/5.0 (compatible; YandexBot/3.0; +http://yandex.com/bots)" 
78.169.46.49 - - [11/Apr/2012:10:45:23 -0700] "GET //index.php?option=com_user&view=reset&layout=confirm HTTP/1.1" 200 2654 "-" "-" 
78.169.46.49 - - [11/Apr/2012:10:45:25 -0700] "POST //index.php?option=com_user&task=confirmreset HTTP/1.1" 200 2623 "-" "-" 
63.141.250.178 - - [11/Apr/2012:11:25:41 -0700] "GET / HTTP/1.1" 301 490 "-" "AdnormCrawler www.adnorm.com/crawler" 
63.141.250.178 - - [11/Apr/2012:11:25:41 -0700] "GET / HTTP/1.1" 200 2664 "-" "AdnormCrawler www.adnorm.com/crawler" 
63.141.250.178 - - [11/Apr/2012:11:25:43 -0700] "GET /robots.txt HTTP/1.1" 301 510 "-" "AdnormCrawler www.adnorm.com/crawler" 
63.141.250.178 - - [11/Apr/2012:11:25:43 -0700] "GET /robots.txt HTTP/1.1" 200 377 "-" "AdnormCrawler www.adnorm.com/crawler" 
124.115.0.100 - - [11/Apr/2012:11:47:07 -0700] "GET / HTTP/1.1" 200 1343 "-" "Sosospider+(+http://help.soso.com/webspider.htm)" 
78.169.46.49 - - [11/Apr/2012:11:52:40 -0700] "POST /wp-login.php HTTP/1.1" 404 1998 "-" "Mozilla/4.0 (compatible; Win32; WinHttp.WinHttpRequest.5)" 
199.21.99.87 - - [11/Apr/2012:12:04:39 -0700] "GET / HTTP/1.1" 200 1356 "-" "Mozilla/5.0 (compatible; YandexBot/3.0; +http://yandex.com/bots)" 
199.21.99.87 - - [11/Apr/2012:12:04:43 -0700] "GET /cgi-sys/randlink HTTP/1.1" 404 1031 "-" "Mozilla/5.0 (compatible; YandexBot/3.0; +http://yandex.com/bots)" 
66.249.73.19 - - [11/Apr/2012:12:35:57 -0700] "GET /screenshots.php HTTP/1.1" 200 1151 "-" "Mozilla/5.0 (compatible; Googlebot/2.1; +http://www.google.com/bot.html)" 
217.69.133.28 - - [11/Apr/2012:12:57:54 -0700] "GET /robots.txt HTTP/1.0" 200 340 "-" "Mozilla/5.0 (compatible; Mail.RU/2.0)" 
78.169.46.49 - - [11/Apr/2012:12:58:38 -0700] "GET /administrator/index.php HTTP/1.1" 404 2004 "-" "-" 
78.169.46.49 - - [11/Apr/2012:12:58:38 -0700] "GET /administrator/index.php HTTP/1.1" 404 2004 "-" "-" 
78.169.46.49 - - [11/Apr/2012:12:58:39 -0700] "GET /administrator/index.php HTTP/1.1" 404 1948 "-" "-" 
78.169.46.49 - - [11/Apr/2012:12:58:40 -0700] "GET /administrator/index.php HTTP/1.1" 404 1948 "-" "-" 
78.169.46.49 - - [11/Apr/2012:12:58:41 -0700] "GET /administrator/index.php HTTP/1.1" 404 1948 "-" "-" 
78.169.46.49 - - [11/Apr/2012:12:58:43 -0700] "GET /administrator/index.php HTTP/1.1" 404 1948 "-" "-" 
78.169.46.49 - - [11/Apr/2012:12:58:42 -0700] "GET /administrator/index.php HTTP/1.1" 404 1948 "-" "-" 
78.169.46.49 - - [11/Apr/2012:12:58:44 -0700] "GET /administrator/index.php HTTP/1.1" 404 1948 "-" "-" 
78.169.46.49 - - [11/Apr/2012:12:58:45 -0700] "GET /administrator/index.php HTTP/1.1" 404 1948 "-" "-" 
78.169.46.49 - - [11/Apr/2012:12:58:47 -0700] "GET /administrator/index.php HTTP/1.1" 404 1948 "-" "-" 
78.169.46.49 - - [11/Apr/2012:12:58:47 -0700] "GET /administrator/index.php HTTP/1.1" 404 1948 "-" "-" 
78.169.46.49 - - [11/Apr/2012:12:58:48 -0700] "GET /administrator/index.php HTTP/1.1" 404 1948 "-" "-" 
78.169.46.49 - - [11/Apr/2012:12:58:49 -0700] "GET /administrator/index.php HTTP/1.1" 404 1948 "-" "-" 
78.169.46.49 - - [11/Apr/2012:12:58:50 -0700] "GET /administrator/index.php HTTP/1.1" 404 1948 "-" "-" 
78.169.46.49 - - [11/Apr/2012:12:58:50 -0700] "GET /administrator/index.php HTTP/1.1" 404 1948 "-" "-" 
78.169.46.49 - - [11/Apr/2012:12:58:52 -0700] "GET /administrator/index.php HTTP/1.1" 404 1948 "-" "-" 
78.169.46.49 - - [11/Apr/2012:12:58:53 -0700] "GET /administrator/index.php HTTP/1.1" 404 1948 "-" "-" 
78.169.46.49 - - [11/Apr/2012:12:58:54 -0700] "GET /administrator/index.php HTTP/1.1" 404 1948 "-" "-" 
78.169.46.49 - - [11/Apr/2012:12:58:54 -0700] "GET /administrator/index.php HTTP/1.1" 404 1948 "-" "-" 
124.115.6.15 - - [11/Apr/2012:13:12:49 -0700] "GET /robots.txt HTTP/1.1" 200 391 "-" "Sosospider+(+http://help.soso.com/webspider.htm)" 
199.21.99.87 - - [11/Apr/2012:15:33:50 -0700] "GET /networking/after/?C=S;O=A HTTP/1.1" 404 1072 "-" "Mozilla/5.0 (compatible; YandexBot/3.0; +http://yandex.com/bots)" 
124.115.10.68 - - [11/Apr/2012:16:26:35 -0700] "GET / HTTP/1.1" 200 1365 "-" "Mozilla/4.0 (compatible; MSIE 6.0; Windows NT 5.1)" 
180.76.5.59 - - [11/Apr/2012:16:55:44 -0700] "GET /robots.txt HTTP/1.1" 200 354 "-" "Mozilla/5.0 (Windows NT 5.1; rv:6.0.2) Gecko/20100101 Firefox/6.0.2" 
8.29.131.162 - - [11/Apr/2012:19:11:29 -0700] "GET /words/ HTTP/1.1" 200 1003 "-" "Mozilla/5.0 (Windows; U; Windows NT 5.1; en-US; rv:1.9.2) Gecko/20100115 Firefox/3.6" 
8.29.131.162 - - [11/Apr/2012:19:11:29 -0700] "GET / HTTP/1.1" 200 2603 "-" "Mozilla/5.0 (Windows; U; Windows NT 5.1; en-US; rv:1.9.2) Gecko/20100115 Firefox/3.6" 
124.115.0.166 - - [11/Apr/2012:22:16:30 -0700] "GET / HTTP/1.1" 200 1365 "-" "Sosospider+(+http://help.soso.com/webspider.htm)" 
65.52.110.17 - - [11/Apr/2012:22:54:27 -0700] "GET /robots.txt HTTP/1.1" 200 377 "-" "Mozilla/5.0 (compatible; bingbot/2.0; +http://www.bing.com/bingbot.htm)" 
65.52.110.17 - - [11/Apr/2012:22:55:30 -0700] "GET /perl101 HTTP/1.1" 404 1039 "-" "Mozilla/5.0 (compatible; bingbot/2.0; +http://www.bing.com/bingbot.htm)" 
66.249.73.19 - - [11/Apr/2012:23:33:30 -0700] "GET /downloads/ HTTP/1.1" 200 588 "-" "Mozilla/5.0 (compatible; Googlebot/2.1; +http://www.google.com/bot.html)" 
