95.26.157.61 - - [26/Mar/2012:00:39:41 -0700] "GET /words/wordsmith.txt HTTP/1.0" 200 2716035 "http://yandex.ru/yandsearch?text=/topic-+disintricate" "Mozilla/4.0 (compatible; MSIE 6.0; Windows NT 5.1; SV1; InfoPath.2)" 
176.74.192.88 - - [26/Mar/2012:00:50:25 -0700] "GET /social/ HTTP/1.0" 206 922 "-" "-" 
176.74.192.88 - - [26/Mar/2012:00:50:25 -0700] "GET /errors/ HTTP/1.0" 200 2044 "-" "-" 
176.74.192.88 - - [26/Mar/2012:00:50:25 -0700] "GET /projects/ HTTP/1.0" 200 1990 "-" "-" 
176.74.192.88 - - [26/Mar/2012:00:50:25 -0700] "GET /droids/ HTTP/1.0" 200 4919 "-" "-" 
176.74.192.88 - - [26/Mar/2012:00:50:25 -0700] "GET /quotes/ HTTP/1.0" 200 2489 "-" "-" 
176.74.192.88 - - [26/Mar/2012:00:50:26 -0700] "GET / HTTP/1.0" 200 2619 "-" "-" 
66.249.67.172 - - [26/Mar/2012:01:30:03 -0700] "GET /droids/ HTTP/1.1" 200 1747 "-" "Mozilla/5.0 (compatible; Googlebot/2.1; +http://www.google.com/bot.html)" 
95.26.157.61 - - [26/Mar/2012:01:30:47 -0700] "GET /words/wordsmith.txt HTTP/1.1" 200 686714 "http://yandex.ru/yandsearch?text=/topic-+disintricate&lr=213" "Mozilla/4.0 (compatible; MSIE 8.0; Windows NT 6.1; Trident/4.0; SLCC2; .NET CLR 2.0.50727; .NET CLR 3.5.30729; .NET CLR 3.0.30729; Media Center PC 6.0)" 
66.249.67.172 - - [26/Mar/2012:01:35:57 -0700] "GET /droids/android.png HTTP/1.1" 200 34307 "-" "Googlebot-Image/1.0" 
66.249.67.172 - - [26/Mar/2012:01:39:03 -0700] "GET /droids/aleidaX2.png HTTP/1.1" 200 33580 "-" "Googlebot-Image/1.0" 
66.249.67.172 - - [26/Mar/2012:01:42:30 -0700] "GET /droids/briedroid.png HTTP/1.1" 200 34445 "-" "Googlebot-Image/1.0" 
103.10.64.27 - - [26/Mar/2012:03:12:50 -0700] "GET /x.txt HTTP/1.1" 200 257 "-" "Microsoft URL Control - 6.00.8169" 
46.105.3.178 - - [26/Mar/2012:03:13:35 -0700] "GET /x.txt HTTP/1.0" 200 313 "-" "Mozilla/4.0 (compatible; MSIE 8.0; Windows NT 6.1; Trident/4.0)" 
217.162.28.98 - - [26/Mar/2012:03:13:41 -0700] "HEAD / HTTP/1.0" 200 139 "-" "Mozilla/5.0 (compatible; MSIE 9.0; Windows NT 6.0; Trident/5.0)" 
66.249.67.172 - - [26/Mar/2012:03:49:43 -0700] "GET /quotes/ HTTP/1.1" 200 1298 "-" "Mozilla/5.0 (compatible; Googlebot/2.1; +http://www.google.com/bot.html)" 
124.115.4.202 - - [26/Mar/2012:05:08:27 -0700] "GET / HTTP/1.1" 200 1364 "-" "Sosospider+(+http://help.soso.com/webspider.htm)" 
124.115.4.202 - - [26/Mar/2012:05:08:39 -0700] "GET /hack0.css HTTP/1.1" 200 3084 "http://aleidax.com/" "Sosospider+(+http://help.soso.com/webspider.htm)" 
66.249.67.172 - - [26/Mar/2012:06:05:43 -0700] "GET /social/ HTTP/1.1" 200 584 "-" "Mozilla/5.0 (compatible; Googlebot/2.1; +http://www.google.com/bot.html)" 
199.21.99.87 - - [26/Mar/2012:06:30:17 -0700] "GET /robots.txt HTTP/1.1" 200 377 "-" "Mozilla/5.0 (compatible; YandexBot/3.0; +http://yandex.com/bots)" 
220.181.94.237 - - [26/Mar/2012:07:37:03 -0700] "GET /avogadro/ HTTP/1.1" 404 998 "-" "Sogou web spider/4.0(+http://www.sogou.com/docs/help/webmasters.htm#07)" 
66.249.67.172 - - [26/Mar/2012:08:00:16 -0700] "GET /screenshots.php HTTP/1.1" 200 1082 "-" "Mozilla/5.0 (compatible; Googlebot/2.1; +http://www.google.com/bot.html)" 
66.249.67.172 - - [26/Mar/2012:08:32:11 -0700] "GET /errors/ HTTP/1.1" 200 1025 "-" "Mozilla/5.0 (compatible; Googlebot/2.1; +http://www.google.com/bot.html)" 
66.249.67.172 - - [26/Mar/2012:08:35:55 -0700] "GET /errors/thesemessageslacktimestampsandthereforesuck.png HTTP/1.1" 200 90437 "-" "Googlebot-Image/1.0" 
128.68.81.138 - - [26/Mar/2012:10:36:25 -0700] "GET /words/wordsmith.txt HTTP/1.1" 200 686714 "http://yandex.ru/yandsearch?text=aleidax.com&lr=213" "Mozilla/4.0 (compatible; MSIE 8.0; Windows NT 6.1; Trident/4.0; SLCC2; .NET CLR 2.0.50727; .NET CLR 3.5.30729; .NET CLR 3.0.30729; Media Center PC 6.0)" 
65.52.108.199 - - [26/Mar/2012:10:50:21 -0700] "GET /robots.txt HTTP/1.1" 200 377 "-" "Mozilla/5.0 (compatible; bingbot/2.0; +http://www.bing.com/bingbot.htm)" 
65.52.108.199 - - [26/Mar/2012:10:51:10 -0700] "GET /quotes/ HTTP/1.1" 200 1298 "-" "Mozilla/5.0 (compatible; bingbot/2.0; +http://www.bing.com/bingbot.htm)" 
66.249.67.172 - - [26/Mar/2012:11:02:43 -0700] "GET /robots.txt HTTP/1.1" 200 391 "-" "Mozilla/5.0 (compatible; Googlebot/2.1; +http://www.google.com/bot.html)" 
66.249.67.172 - - [26/Mar/2012:11:02:43 -0700] "GET /projects/ HTTP/1.1" 200 1068 "-" "Mozilla/5.0 (compatible; Googlebot/2.1; +http://www.google.com/bot.html)" 
199.21.99.87 - - [26/Mar/2012:11:24:14 -0700] "GET /apks/?C=N;O=D HTTP/1.1" 404 1051 "-" "Mozilla/5.0 (compatible; YandexBot/3.0; +http://yandex.com/bots)" 
66.249.68.123 - - [26/Mar/2012:11:34:46 -0700] "GET /robots.txt HTTP/1.1" 301 492 "-" "Mozilla/5.0 (compatible; Googlebot/2.1; +http://www.google.com/bot.html)" 
66.249.67.172 - - [26/Mar/2012:11:34:46 -0700] "GET /robots.txt HTTP/1.1" 200 391 "-" "Mozilla/5.0 (compatible; Googlebot/2.1; +http://www.google.com/bot.html)" 
66.249.68.123 - - [26/Mar/2012:11:34:46 -0700] "GET /icons/back.gif HTTP/1.1" 301 499 "-" "Googlebot-Image/1.0" 
66.249.67.172 - - [26/Mar/2012:11:34:47 -0700] "GET /icons/back.gif HTTP/1.1" 404 1051 "-" "Googlebot-Image/1.0" 
66.249.67.172 - - [26/Mar/2012:11:58:32 -0700] "GET /random.php HTTP/1.1" 200 240 "-" "Mozilla/5.0 (compatible; Googlebot/2.1; +http://www.google.com/bot.html)" 
208.115.113.85 - - [26/Mar/2012:11:59:16 -0700] "GET /robots.txt HTTP/1.1" 200 321 "-" "Mozilla/5.0 (compatible; Ezooms/1.0; ezooms.bot@gmail.com)" 
66.249.67.172 - - [26/Mar/2012:12:00:44 -0700] "GET /screenshots.php HTTP/1.1" 200 1098 "-" "Mozilla/5.0 (compatible; Googlebot/2.1; +http://www.google.com/bot.html)" 
66.249.67.172 - - [26/Mar/2012:12:02:45 -0700] "GET /cgi-sys/randlink HTTP/1.1" 404 1051 "-" "Mozilla/5.0 (compatible; Googlebot/2.1; +http://www.google.com/bot.html)" 
66.249.67.172 - - [26/Mar/2012:12:04:56 -0700] "GET /projects/utuvien.php HTTP/1.1" 200 1172 "-" "Mozilla/5.0 (compatible; Googlebot/2.1; +http://www.google.com/bot.html)" 
66.249.67.172 - - [26/Mar/2012:12:07:23 -0700] "GET /projects/biking-data.php HTTP/1.1" 404 1051 "-" "Mozilla/5.0 (compatible; Googlebot/2.1; +http://www.google.com/bot.html)" 
66.249.67.172 - - [26/Mar/2012:12:12:16 -0700] "GET /analog/aleidax.com/host.png HTTP/1.1" 304 173 "-" "Googlebot-Image/1.0" 
66.249.67.172 - - [26/Mar/2012:12:15:42 -0700] "GET /media/alpha.png HTTP/1.1" 200 136543 "-" "Googlebot-Image/1.0" 
66.249.67.172 - - [26/Mar/2012:12:18:59 -0700] "GET /media/bravo.png HTTP/1.1" 200 171094 "-" "Googlebot-Image/1.0" 
66.249.67.172 - - [26/Mar/2012:12:22:21 -0700] "GET /media/charlie.png HTTP/1.1" 200 862731 "-" "Googlebot-Image/1.0" 
199.21.99.87 - - [26/Mar/2012:12:38:08 -0700] "GET /utter/?C=N;O=D HTTP/1.1" 404 1051 "-" "Mozilla/5.0 (compatible; YandexBot/3.0; +http://yandex.com/bots)" 
178.210.32.201 - - [26/Mar/2012:12:45:23 -0700] "GET /words/owl2-lwl.txt HTTP/1.0" 200 693600 "http://aleidax.com/words/owl2-lwl.txt" "Mozilla/4.76 [en] (Windows NT 5.0; U)" 
208.115.113.85 - - [26/Mar/2012:12:46:02 -0700] "GET /social/ HTTP/1.1" 200 858 "-" "Mozilla/5.0 (compatible; Ezooms/1.0; ezooms.bot@gmail.com)" 
66.249.67.172 - - [26/Mar/2012:12:49:52 -0700] "GET /analog/www/host.png HTTP/1.1" 200 4159 "-" "Googlebot-Image/1.0" 
199.21.99.87 - - [26/Mar/2012:12:52:03 -0700] "GET /posterous/?C=N;O=D HTTP/1.1" 404 1050 "-" "Mozilla/5.0 (compatible; YandexBot/3.0; +http://yandex.com/bots)" 
66.249.67.172 - - [26/Mar/2012:12:53:38 -0700] "GET /social/briealeida-tunes.php HTTP/1.1" 200 285 "-" "Mozilla/5.0 (compatible; Googlebot/2.1; +http://www.google.com/bot.html)" 
199.21.99.87 - - [26/Mar/2012:12:54:39 -0700] "GET /sauron/?C=N;O=D HTTP/1.1" 404 1051 "-" "Mozilla/5.0 (compatible; YandexBot/3.0; +http://yandex.com/bots)" 
95.26.157.61 - - [26/Mar/2012:13:04:45 -0700] "GET /words/wordsmith.txt HTTP/1.1" 200 686714 "http://yandex.ru/yandsearch?text=aleidax.com&lr=213" "Mozilla/4.0 (compatible; MSIE 8.0; Windows NT 6.1; Trident/4.0; SLCC2; .NET CLR 2.0.50727; .NET CLR 3.5.30729; .NET CLR 3.0.30729; Media Center PC 6.0)" 
66.249.67.172 - - [26/Mar/2012:13:14:04 -0700] "GET /analog/girlmeetsbot.com/ HTTP/1.1" 200 602 "-" "Mozilla/5.0 (compatible; Googlebot/2.1; +http://www.google.com/bot.html)" 
66.249.67.172 - - [26/Mar/2012:13:27:47 -0700] "GET /scrabble/win4.png HTTP/1.1" 304 175 "-" "Googlebot-Image/1.0" 
66.249.67.172 - - [26/Mar/2012:13:29:34 -0700] "GET /social/briealeida-tweets.php HTTP/1.1" 200 283 "-" "Mozilla/5.0 (compatible; Googlebot/2.1; +http://www.google.com/bot.html)" 
66.249.67.172 - - [26/Mar/2012:13:50:14 -0700] "GET /social/FeedForAll_XMLParser.inc.php HTTP/1.1" 200 240 "-" "Mozilla/5.0 (compatible; Googlebot/2.1; +http://www.google.com/bot.html)" 
66.249.67.172 - - [26/Mar/2012:13:52:40 -0700] "GET /projects/index.php HTTP/1.1" 200 1069 "-" "Mozilla/5.0 (compatible; Googlebot/2.1; +http://www.google.com/bot.html)" 
66.249.67.172 - - [26/Mar/2012:13:54:52 -0700] "GET /downloads/agenda.sh.txt HTTP/1.1" 200 1533 "-" "Mozilla/5.0 (compatible; Googlebot/2.1; +http://www.google.com/bot.html)" 
199.21.99.87 - - [26/Mar/2012:14:14:20 -0700] "GET /baseline/?C=S;O=A HTTP/1.1" 404 1051 "-" "Mozilla/5.0 (compatible; YandexBot/3.0; +http://yandex.com/bots)" 
95.25.213.254 - - [26/Mar/2012:14:29:34 -0700] "GET /words/wordsmith.txt HTTP/1.1" 200 686714 "http://yandex.ru/yandsearch?text=aleidax.com&lr=213" "Mozilla/4.0 (compatible; MSIE 8.0; Windows NT 6.1; Trident/4.0; SLCC2; .NET CLR 2.0.50727; .NET CLR 3.5.30729; .NET CLR 3.0.30729; Media Center PC 6.0)" 
93.80.194.169 - - [26/Mar/2012:15:13:31 -0700] "GET /words/wordsmith.txt HTTP/1.0" 200 2716035 "http://yandex.ru/yandsearch?text=/topic-+disintricate" "Mozilla/4.0 (compatible; MSIE 7.0; Windows NT 5.1; .NET CLR 1.1.4322; .NET CLR 2.0.50727)" 
220.181.94.237 - - [26/Mar/2012:15:33:20 -0700] "GET / HTTP/1.1" 200 1338 "-" "Sogou web spider/4.0(+http://www.sogou.com/docs/help/webmasters.htm#07)" 
66.249.67.172 - - [26/Mar/2012:17:04:19 -0700] "GET /analog/pingbrie.com/fail.png HTTP/1.1" 304 174 "-" "Googlebot-Image/1.0" 
199.21.99.87 - - [26/Mar/2012:17:13:14 -0700] "GET /good-bad/?C=N;O=D HTTP/1.1" 404 1051 "-" "Mozilla/5.0 (compatible; YandexBot/3.0; +http://yandex.com/bots)" 
199.21.99.87 - - [26/Mar/2012:17:40:34 -0700] "GET /dev/aleidax.com/last.php HTTP/1.1" 404 1051 "-" "Mozilla/5.0 (compatible; YandexBot/3.0; +http://yandex.com/bots)" 
199.21.99.87 - - [26/Mar/2012:17:41:49 -0700] "GET /style/?C=N;O=D HTTP/1.1" 404 1051 "-" "Mozilla/5.0 (compatible; YandexBot/3.0; +http://yandex.com/bots)" 
199.21.99.87 - - [26/Mar/2012:17:42:53 -0700] "GET /baseline/css/background-grid/ HTTP/1.1" 404 1051 "-" "Mozilla/5.0 (compatible; YandexBot/3.0; +http://yandex.com/bots)" 
199.21.99.87 - - [26/Mar/2012:17:51:48 -0700] "GET /math/flight/example/ HTTP/1.1" 404 1051 "-" "Mozilla/5.0 (compatible; YandexBot/3.0; +http://yandex.com/bots)" 
193.105.210.88 - - [26/Mar/2012:18:15:49 -0700] "GET /words/ospd4-lwl.txt HTTP/1.0" 200 734380 "http://aleidax.com/words/ospd4-lwl.txt" "Mozilla/4.0 (compatible; MSIE 4.01; Digital AlphaServer 1000A 4/233; Windows NT; Powered By 64-Bit Alpha Processor)" 
124.115.4.192 - - [26/Mar/2012:18:17:26 -0700] "GET / HTTP/1.1" 200 1375 "-" "Sosospider+(+http://help.soso.com/webspider.htm)" 
199.21.99.87 - - [26/Mar/2012:18:23:54 -0700] "GET /super-social/includes/?C=D;O=A HTTP/1.1" 404 1051 "-" "Mozilla/5.0 (compatible; YandexBot/3.0; +http://yandex.com/bots)" 
66.249.67.172 - - [26/Mar/2012:18:41:03 -0700] "GET /analog/biggietheboston.com/req.png HTTP/1.1" 304 173 "-" "Googlebot-Image/1.0" 
128.68.168.83 - - [26/Mar/2012:19:03:33 -0700] "GET /words/wordsmith.txt HTTP/1.1" 200 686714 "http://yandex.ru/yandsearch?text=/topic-+disintricate&lr=213" "Mozilla/4.0 (compatible; MSIE 6.0; Windows NT 5.1; SV1)" 
66.249.67.172 - - [26/Mar/2012:19:48:03 -0700] "GET /scrabble/celery.php HTTP/1.1" 200 1719 "-" "Mozilla/5.0 (compatible; Googlebot/2.1; +http://www.google.com/bot.html)" 
216.145.17.190 - - [26/Mar/2012:20:50:21 -0700] "GET /robots.txt HTTP/1.0" 301 473 "-" "Mozilla/5.0 (Windows; U; Windows NT 5.1; en; rv:1.9.0.13) Gecko/2009073022 Firefox/3.5.2 (.NET CLR 3.5.30729) SurveyBot/2.3 (DomainTools)" 
216.145.17.190 - - [26/Mar/2012:20:50:21 -0700] "GET / HTTP/1.1" 301 437 "http://whois.domaintools.com/aleidax.com" "Mozilla/5.0 (Windows; U; Windows NT 5.1; en; rv:1.9.0.13) Gecko/2009073022 Firefox/3.5.2 (.NET CLR 3.5.30729) SurveyBot/2.3 (DomainTools)" 
216.145.17.190 - - [26/Mar/2012:20:50:22 -0700] "GET / HTTP/1.1" 200 1338 "http://whois.domaintools.com/aleidax.com" "Mozilla/5.0 (Windows; U; Windows NT 5.1; en; rv:1.9.0.13) Gecko/2009073022 Firefox/3.5.2 (.NET CLR 3.5.30729) SurveyBot/2.3 (DomainTools)" 
66.249.67.172 - - [26/Mar/2012:20:55:57 -0700] "GET /fonts/iwillalwaysbetweets.ttf.ttf HTTP/1.1" 200 69674 "-" "Mozilla/5.0 (compatible; Googlebot/2.1; +http://www.google.com/bot.html)" 
66.249.67.172 - - [26/Mar/2012:20:56:33 -0700] "GET /fonts/league.otf HTTP/1.1" 200 42089 "-" "Mozilla/5.0 (compatible; Googlebot/2.1; +http://www.google.com/bot.html)" 
66.249.67.172 - - [26/Mar/2012:21:01:17 -0700] "GET /fonts/coolvetica.ttf HTTP/1.1" 200 98458 "-" "Mozilla/5.0 (compatible; Googlebot/2.1; +http://www.google.com/bot.html)" 
199.21.99.87 - - [26/Mar/2012:21:04:48 -0700] "GET /posterous/theme0/TODO HTTP/1.1" 404 1051 "-" "Mozilla/5.0 (compatible; YandexBot/3.0; +http://yandex.com/bots)" 
66.249.67.172 - - [26/Mar/2012:21:12:02 -0700] "GET /fonts/tweets.ttf HTTP/1.1" 200 60085 "-" "Mozilla/5.0 (compatible; Googlebot/2.1; +http://www.google.com/bot.html)" 
66.249.67.172 - - [26/Mar/2012:21:13:51 -0700] "GET /google406d0034b9346af4.html HTTP/1.1" 200 392 "-" "Mozilla/5.0 (compatible; Googlebot/2.1; +http://www.google.com/bot.html)" 
66.249.67.172 - - [26/Mar/2012:21:16:30 -0700] "GET /fonts/soupleaf.ttf HTTP/1.1" 200 127787 "-" "Mozilla/5.0 (compatible; Googlebot/2.1; +http://www.google.com/bot.html)" 
66.249.68.123 - - [26/Mar/2012:21:43:54 -0700] "GET / HTTP/1.1" 301 474 "-" "Mozilla/5.0 (compatible; Googlebot/2.1; +http://www.google.com/bot.html)" 
66.249.67.172 - - [26/Mar/2012:21:47:08 -0700] "GET /analog/willthesundie.com/ HTTP/1.1" 200 602 "-" "Mozilla/5.0 (compatible; Googlebot/2.1; +http://www.google.com/bot.html)" 
31.3.225.134 - - [27/Mar/2012:00:17:56 -0700] "GET /words/addentry.php HTTP/1.1" 404 1986 "http://aleidax.com/words/" "Mozilla/5.0 (X11; U; Linux x86_64; en-US; rv:1.9.0.7) Gecko/2009031120 Mandriva/1.9.0.7-0.1mdv2009.0 (2009.0) Firefox/3.0.7" 
